
> build
> next build

Γû▓ Next.js 16.3.1 (Turbopack)
Γ£ô Running next.config.ts took 280ms

  Creating an optimized production build ...
Γ£ô Compiled successfully in 1627ms
  Running TypeScript ...
  Finished TypeScript in 3.9s ...
  Collecting page data using 7 workers ...
  Generating static pages using 7 workers (0/5) ...
  Generating static pages using 7 workers (1/5) 
  Generating static pages using 7 workers (2/5) 
  Generating static pages using 7 workers (3/5) 
Γ£ô Generating static pages using 7 workers (5/5) in 821ms
  Finalizing page optimization ...

Route (app)
Γöî Γùï /
Γö£ Γùï /_not-found
Γö£ ╞Æ /proposals
Γö£ ╞Æ /proposals/[id]
Γöö Γùï /proposals/new


Γùï  (Static)   prerendered as static content
╞Æ  (Dynamic)  server-rendered on demand

